// Jest Snapshot v1, https://goo.gl/fbAQLP

exports[`<CreateList /> match a snapshot 1`] = `
<div
  className="signin"
  style={
    Object {
      "marginTop": "75px",
      "minHeight": "200px",
    }
  }
>
  <ToastContainer
    autoClose={2000}
    bodyClassName=""
    className={null}
    closeButton={<DefaultCloseButton />}
    closeOnClick={true}
    hideProgressBar={true}
    newestOnTop={false}
    pauseOnHover={true}
    position="top-right"
    progressClassName=""
    style={null}
    toastClassName=""
    transition={[Function]}
  />
  <div>
    <h3>
       Enter List Name 
    </h3>
    <form
      onSubmit={[Function]}
    >
      <div
        style={
          Object {
            "display": "inline-block",
            "marginBottom": "30px",
          }
        }
      >
        <TextField
          disabled={false}
          floatingLabelFixed={false}
          floatingLabelText="List Name"
          fullWidth={false}
          multiLine={false}
          name="name"
          onChange={[Function]}
          rows={1}
          type="text"
          underlineShow={true}
          value=""
        />
      </div>
      <div
        className="Gaga"
      >
        <RaisedButton
          disabled={false}
          fullWidth={false}
          label="Cancel"
          labelPosition="after"
          onClick={[Function]}
          primary={false}
          secondary={false}
        />
        <RaisedButton
          disabled={false}
          fullWidth={false}
          icon={<ContentSave />}
          label="Save"
          labelPosition="after"
          primary={true}
          secondary={false}
          type="submit"
        />
      </div>
    </form>
  </div>
</div>
`;
