// Jest Snapshot v1, https://goo.gl/fbAQLP

exports[`<Login /> match a snapshot 1`] = `
<div>
  <ToastContainer
    autoClose={5000}
    bodyClassName=""
    className={null}
    closeButton={<DefaultCloseButton />}
    closeOnClick={true}
    hideProgressBar={true}
    newestOnTop={false}
    pauseOnHover={true}
    position="top-right"
    progressClassName=""
    style={null}
    toastClassName=""
    transition={[Function]}
  />
  <div
    className="signin"
  >
    <h1>
       Log in 
    </h1>
    <LoginForm />
  </div>
</div>
`;
