// Jest Snapshot v1, https://goo.gl/fbAQLP

exports[`<RegisterForm /> match a snapshot 1`] = `
<div>
  <ToastContainer
    autoClose={5000}
    bodyClassName=""
    className={null}
    closeButton={<DefaultCloseButton />}
    closeOnClick={true}
    hideProgressBar={true}
    newestOnTop={false}
    pauseOnHover={true}
    position="top-right"
    progressClassName=""
    style={null}
    toastClassName=""
    transition={[Function]}
  />
  <form
    onSubmit={[Function]}
  >
    <div
      style={
        Object {
          "display": "inline-block",
          "marginBottom": "30px",
        }
      }
    >
      <TextField
        disabled={false}
        floatingLabelFixed={false}
        floatingLabelText="Email"
        fullWidth={false}
        multiLine={false}
        name="email"
        onChange={[Function]}
        rows={1}
        type="text"
        underlineShow={true}
        value=""
      />
      <TextField
        disabled={false}
        floatingLabelFixed={false}
        floatingLabelText="Country/Town"
        fullWidth={false}
        multiLine={false}
        name="country_town"
        onChange={[Function]}
        rows={1}
        type="text"
        underlineShow={true}
        value=""
      />
      <TextField
        disabled={false}
        floatingLabelFixed={false}
        floatingLabelText="Password"
        fullWidth={false}
        multiLine={false}
        name="password"
        onChange={[Function]}
        rows={1}
        type="password"
        underlineShow={true}
        value=""
      />
    </div>
    <div>
      <RaisedButton
        disabled={false}
        fullWidth={false}
        label="Submit"
        labelPosition="after"
        primary={true}
        secondary={false}
        type="submit"
      />
    </div>
  </form>
</div>
`;
